Godot Engine v4.6.3.stable.official.7d41c59c4 - https://godotengine.org


=== 호퍼 입구·출구 물줄기 ===

── 기본값(-1): 들어오는 물을 안 건드린다
  ✔ 입구 물 크기가 그대로 (64, 900)
  ✔ 출구 폭은 기본 64 가 적용된다(기존 동작 유지)
  ✔ 출구 길이는 -1 이라 유체 값 400 유지

── 입구와 출구를 따로 조절한다
  ✔ 입구 물 = (128, 820)
  ✔ 출구 물 = (32, 260) — 서로 안 섞인다

── 출구 폭 -1 = 유체가 가진 폭을 그대로 둔다
  ✔ 폭 200 은 살아 있고 길이만 300 으로 바뀐다

── ★짧은 입구 물: 경고가 떠야 한다
  ✔ 입구까지 필요한 길이 = 754px
  ✔ 900px 는 닿는다 → 경고 없음
  ✔ 100px 모자라게 줄이면 경고가 뜬다
      → 들어오는 물(입구물)이 짧아서 입구에 안 닿는다 — 지금 654px · 최소 754px 필요. 이대로면 화면에는 물이 보이는데 출구로는 한 방울도 안 나간다.

── 물 없이 발판으로만 쓰는 호퍼: 경고가 뜨면 안 된다
  ✔ 들어오는 물이 아예 없어도 조용하다 (가짜 경고 없음)

════════════════════════════════════════
  통과 10 · 실패 0
════════════════════════════════════════

