Godot Engine v4.6.3.stable.official.7d41c59c4 - https://godotengine.org
OpenGL API 3.3.0 Core Profile Context 23.19.21.13.250623 - Compatibility - Using Device: ATI Technologies Inc. - AMD Radeon (TM) Graphics

Unicode parsing error: Invalid unicode codepoint (c9c0), cannot represent as ASCII/Latin-1
Unicode parsing error: Invalid unicode codepoint (d615), cannot represent as ASCII/Latin-1
Unicode parsing error: Invalid unicode codepoint (ac80), cannot represent as ASCII/Latin-1
Unicode parsing error: Invalid unicode codepoint (c815), cannot represent as ASCII/Latin-1
Unicode parsing error: Invalid unicode codepoint (bc1c), cannot represent as ASCII/Latin-1
Unicode parsing error: Invalid unicode codepoint (d310), cannot represent as ASCII/Latin-1
WARNING: Node '  /P1_    /@ColorRect@30939' was modified from inside an instance, but it has vanished.
   at: instantiate (scene/resources/packed_scene.cpp:310)
   GDScript backtrace (most recent call first):
       [0] _run (res://tools/test_reference_water.gd:14)
Unicode parsing error: Invalid unicode codepoint (c9c0), cannot represent as ASCII/Latin-1
Unicode parsing error: Invalid unicode codepoint (d615), cannot represent as ASCII/Latin-1
Unicode parsing error: Invalid unicode codepoint (d770), cannot represent as ASCII/Latin-1
Unicode parsing error: Invalid unicode codepoint (bc1c), cannot represent as ASCII/Latin-1
Unicode parsing error: Invalid unicode codepoint (d310), cannot represent as ASCII/Latin-1
WARNING: Node '  /P2_   /@ColorRect@30940' was modified from inside an instance, but it has vanished.
   at: instantiate (scene/resources/packed_scene.cpp:310)
   GDScript backtrace (most recent call first):
       [0] _run (res://tools/test_reference_water.gd:14)
Unicode parsing error: Invalid unicode codepoint (c9c0), cannot represent as ASCII/Latin-1
Unicode parsing error: Invalid unicode codepoint (d615), cannot represent as ASCII/Latin-1
Unicode parsing error: Invalid unicode codepoint (ac80), cannot represent as ASCII/Latin-1
Unicode parsing error: Invalid unicode codepoint (c815), cannot represent as ASCII/Latin-1
Unicode parsing error: Invalid unicode codepoint (bc1c), cannot represent as ASCII/Latin-1
Unicode parsing error: Invalid unicode codepoint (d310), cannot represent as ASCII/Latin-1
WARNING: Node '  /P3_    /@ColorRect@30941' was modified from inside an instance, but it has vanished.
   at: instantiate (scene/resources/packed_scene.cpp:310)
   GDScript backtrace (most recent call first):
       [0] _run (res://tools/test_reference_water.gd:14)
Unicode parsing error: Invalid unicode codepoint (c9c0), cannot represent as ASCII/Latin-1
Unicode parsing error: Invalid unicode codepoint (d615), cannot represent as ASCII/Latin-1
Unicode parsing error: Invalid unicode codepoint (d770), cannot represent as ASCII/Latin-1
Unicode parsing error: Invalid unicode codepoint (bc1c), cannot represent as ASCII/Latin-1
Unicode parsing error: Invalid unicode codepoint (d310), cannot represent as ASCII/Latin-1
WARNING: Node '  /P4_   /@ColorRect@30942' was modified from inside an instance, but it has vanished.
   at: instantiate (scene/resources/packed_scene.cpp:310)
   GDScript backtrace (most recent call first):
       [0] _run (res://tools/test_reference_water.gd:14)
PASS stage 1 frames connected
PASS W1_검정물 visual loaded
PASS W1_검정물 size retained
PASS W2_흰물 visual loaded
PASS W2_흰물 size retained
PASS W3_회색물 visual loaded
PASS W3_회색물 size retained
PASS 물3_윗길 visual loaded
PASS 물3_윗길 size retained
PASS 물2_밸브방 visual loaded
PASS 물2_밸브방 size retained
PASS color 0 shader updated
PASS color 1 shader updated
PASS color 2 shader updated
PASS water off
PASS water restart head animation
PASS stage 2 frames connected
PASS 흰색물_1 visual loaded
PASS 흰색물_1 size retained
PASS 흰색물_2 visual loaded
PASS 흰색물_2 size retained
PASS 흰색물_3 visual loaded
PASS 흰색물_3 size retained
PASS 흰색물_4 visual loaded
PASS 흰색물_4 size retained
PASS 검정물_1 visual loaded
PASS 검정물_1 size retained
PASS 검정물_2 visual loaded
PASS 검정물_2 size retained
PASS 흰색물_5 visual loaded
PASS 흰색물_5 size retained
PASS 흰색물_6 visual loaded
PASS 흰색물_6 size retained
PASS stage 3 frames connected
PASS 흰색물_2 visual loaded
PASS 흰색물_2 size retained
PASS 흰색물_1 visual loaded
PASS 흰색물_1 size retained
PASS 흰색물_4 visual loaded
PASS 흰색물_4 size retained
PASS 흰색물_3 visual loaded
PASS 흰색물_3 size retained
PASS 검정물_2 visual loaded
PASS 검정물_2 size retained
PASS 검정물_1 visual loaded
PASS 검정물_1 size retained
PASS 흰색물_6 visual loaded
PASS 흰색물_6 size retained
PASS 흰색물_5 visual loaded
PASS 흰색물_5 size retained
PASS 검정물_4 visual loaded
PASS 검정물_4 size retained
PASS 검정물_3 visual loaded
PASS 검정물_3 size retained
PASS 회색물_1 visual loaded
PASS 회색물_1 size retained
PASS 검정물_5 visual loaded
PASS 검정물_5 size retained
PASS 흰색물_7 visual loaded
PASS 흰색물_7 size retained
PASS 흰색물_9 visual loaded
PASS 흰색물_9 size retained
PASS 흰색물_8 visual loaded
PASS 흰색물_8 size retained
PASS stage 4 frames connected
PASS 흰물_2 visual loaded
PASS 흰물_2 size retained
PASS 흰물_1 visual loaded
PASS 흰물_1 size retained
PASS 호퍼1_탱크공급 visual loaded
PASS 호퍼1_탱크공급 size retained
PASS 흰색물_4 visual loaded
PASS 흰색물_4 size retained
PASS 흰색물_3 visual loaded
PASS 흰색물_3 size retained
PASS 호퍼2_탱크공급 visual loaded
PASS 호퍼2_탱크공급 size retained
PASS 물_1 visual loaded
PASS 물_1 size retained
PASS 호퍼3_탱크공급 visual loaded
PASS 호퍼3_탱크공급 size retained
PASS 흰물_6 visual loaded
PASS 흰물_6 size retained
PASS 흰물_5 visual loaded
PASS 흰물_5 size retained
PASS 검정물 visual loaded
PASS 검정물 size retained
PASS 흰물_7 visual loaded
PASS 흰물_7 size retained
REFERENCE_CHECK_ERRORS 0
