Godot Engine v4.6.3.stable.official.7d41c59c4 - https://godotengine.org
OpenGL API 3.3.0 Core Profile Context 23.19.21.13.250623 - Compatibility - Using Device: ATI Technologies Inc. - AMD Radeon (TM) Graphics

PASS water 1 original size
PASS water 1 new frames
PASS water 1 basin feed
PASS water 1 tone 0
PASS water 1 outlet tone 0
PASS water 1 tone 1
PASS water 1 outlet tone 1
PASS water 1 tone 2
PASS water 1 outlet tone 2
PASS water 1 feed off
PASS water 1 feed restart
PASS water 2 original size
PASS water 2 new frames
PASS water 2 basin feed
PASS water 2 tone 0
PASS water 2 outlet tone 0
PASS water 2 tone 1
PASS water 2 outlet tone 1
PASS water 2 tone 2
PASS water 2 outlet tone 2
PASS water 2 feed off
PASS water 2 feed restart
PASS valve target preserved
STAGE25_ERRORS 0
