Godot Engine v4.6.3.stable.official.7d41c59c4 - https://godotengine.org

쳅터1_01_방_시작방 지형 16 겹침 0 []
쳅터1_02_복도_A 지형 10 겹침 0 []
쳅터1_03_방_서재 지형 22 겹침 0 []
쳅터1_04_복도_B 지형 12 겹침 0 []
쳅터1_05_방_침실 지형 12 겹침 0 []
쳅터1_06_복도_C 지형 14 겹침 0 []
쳅터1_07_방_수납실 지형 9 겹침 0 []
쳅터1_08_복도_D 지형 13 겹침 0 []
쳅터1_09_계단_중앙 지형 6 겹침 0 []
쳅터1_10_복도_E 지형 10 겹침 0 []
쳅터1_11_거실 지형 17 겹침 0 []
쳅터1_12_복도_F 지형 7 겹침 0 []
쳅터1_13_복도_G 지형 10 겹침 0 []
쳅터1_14_굴뚝 지형 26 겹침 0 []
ERROR: Parameter "material" is null.
   at: material_get_instance_shader_parameters (servers/rendering/dummy/storage/material_storage.cpp:265)
   GDScript backtrace (most recent call first):
       [0] _setup_render_nodes (res://addons/rmsmartshape/shape_renderer.gd:37)
       [1] render (res://addons/rmsmartshape/shape_renderer.gd:65)
       [2] force_update (res://addons/rmsmartshape/shapes/shape.gd:1377)
       [3] _on_dirty_update (res://addons/rmsmartshape/shapes/shape.gd:1364)
쳅터1_15_집밖_하수도길 지형 13 겹침 0 []
쳅터1_16_복도_썩은마루 지형 1 겹침 0 []
쳅터1_17_응접실 지형 12 겹침 0 []
쳅터1_18_숨은서재 지형 14 겹침 0 []
쳅터1_19_거미방 지형 4 겹침 0 []
WARNING: ObjectDB instances leaked at exit (run with --verbose for details).
   at: cleanup (core/object/object.cpp:2663)
