Godot Engine v4.6.3.stable.official.7d41c59c4 - https://godotengine.org

PASS 반딧불 몹 4
PASS 거미줄 1 · 처음부터 쳐져 있음
PASS 창살문 4 개 모두 닫힘(판정 켜짐)
PASS 페인트 코어 있음(물감 계약)
PASS A: 반딧불1 → 빛받이1 켜짐(13.1초)
PASS A: 상태가 이동·붙음·빛냄·떠남을 돈다 ["붙음", "빛냄", "떠남", "이동"]
PASS A: 켜 준 것은 세 번째 정지점(빛받이 옆)
PASS A: 창살1 올라감(판정 꺼짐)
PASS A: 유지형 — 반딧불이 떠나도 열린 채
PASS 흰 빛 안 · 검정 몸 → 위험
PASS 월드 _사망_판정 도 같은 답(그룹 색빛)
PASS 흰 빛 안 · 흰 몸 → 안전
PASS 반경(200px) 밖 · 검정 몸 → 안전
PASS 이동 중 → 빛 없음(판정 −1)
PASS B: 흰 빛 → 검은 빛받이 안 켜짐(검은 빛 ≠ 흰 빛)
PASS B: 검정 총알 → 반딧불2 검은 빛(7 프레임)
PASS B: 붙은 채 색바뀜 상태
PASS B: 코어 회수줄에 올라감(E 로 되돌릴 수 있다)
PASS B: 색이 막 바뀐 0.3초는 판정 쉼
PASS B: 검은 빛 → 검은 빛받이 켜짐
PASS B: 창살2 열림
PASS B: 같은 색 다시 → wasted
PASS B: 다시 맞혀도 남은 시간이 늘지 않음
PASS 검은 빛 안 · 흰 몸 → 위험
PASS 검은 빛 안 · 검정 몸 → 안전
PASS B: 색 시간(5초) 끝 → 흰 빛으로 돌아옴
PASS B: 물감 자동 환급(탄 4→5 · 회수줄 0)
PASS B: 흰 빛 0.8초 뒤 다시 이동(1.22초)
PASS B: 유지형 — 검은 빛이 끝나도 열린 채
PASS 물감 → painted
PASS E 수동 회수 → 바로 흰색
PASS 흰 물감 → 칠한 색을 바로 걷음
PASS 걷어 낸 발은 회수줄에서도 빠짐(중복 환급 없음)
PASS 이동 중 명중 → 계속 날며 색만 바뀜
PASS C: 세 번째 자리 ↔ 빛받이3 거리 182 < 반경 200
PASS C: 거미줄이 가림 → 빛받이3 안 켜짐(흰 빛 · 줄 있음)
PASS C: 검은 빛도 줄에 막힘(줄 있음 + 검은 빛)
PASS C: 검은 빛 → 거미 안 탐
PASS C: 검은 빛 → 흰 빛 돌아오는 순간 거미가 탐(4.6초)
PASS C: 거미가 타자 줄이 삭음
PASS C: 줄이 사라진 흰 빛 → 빛받이3 켜짐
PASS C: 창살3 열림
PASS C: 6초 뒤 둥지에서 다시 태어남
PASS C: 거미가 줄 자리로 가서 다시 침 ["잠복", "엮으러감", "엮음", "돌아감"]
PASS C: 같은 자리 중복 없음(거미줄 노드 1)
PASS C: 유지형 — 줄이 다시 쳐져도 창살3 열린 채
PASS C: 엮다가 타면 덜 친 줄(0.22)은 흩어짐
PASS D: 새장 정지점에서 빛받이4(켜진 동안만) 켜짐
PASS D: 레버 꺼짐 → 반딧불 떠남 → 빛받이4 꺼짐(놓침 여유 뒤)
PASS D: 창살4 다시 닫힘
PASS D: 새장 닫힘 → 머묾(2초)을 넘겨 6초째 그 자리
PASS D: 붙잡힌 빛 → 창살4 열린 채
PASS D: 문간에 몸 → 창살이 몸 위로 닫히지 않음
PASS D: 몸이 비키자 닫힘
PASS 부활 → 반딧불 색 걷힘
PASS 다시 열기 ×2 → 거미줄 1 · 광원 4 · 빛받이 4

시험_거미방: 실패 0
