Godot Engine v4.6.3.stable.official.7d41c59c4 - https://godotengine.org

PASS 쳅터1_01_방_시작방 초반 거미 없음
PASS 쳅터1_02_복도_A 초반 거미 없음
PASS 쳅터1_03_방_서재 초반 거미 없음
PASS 쳅터1_16_복도_썩은마루 초반 거미 없음
PASS 쳅터1_04_복도_B 초반 거미 없음
PASS 쳅터1_05_방_침실 초반 거미 없음
PASS 쳅터1_06_복도_C 초반 거미 없음
PASS 쳅터1_07_방_수납실 초반 거미 없음
PASS 쳅터1_08_복도_D 초반 거미 없음
PASS 쳅터1_09_계단_중앙 초반 거미 없음
PASS 첫 마루가 부서지면 3칸 아래 회복 바닥에 착지
PASS 첫 마루 낙하에 가시·색 사망 없음
PASS 실제 점프 입력으로 회복 구덩이에서 탈출 @(2402.089, 1568.983)
PASS 새 층계참 흰 선반에 흰 몸 착지
PASS 층계참 흰 선반은 검정 몸에 위험해 색 전환을 유도
PASS 검정 몸으로 색 도약대 위에서 기다릴 수 있음
PASS 흰색 전환이 도약대를 작동시킴
PASS 첫 거미는 0.8초 예고·6칸 영역으로 시작
PASS 첫 거미 앞 촛불 피난처는 꺼지지 않음
학습흐름 실패 0
