Godot Engine v4.6.3.stable.official.7d41c59c4 - https://godotengine.org
OpenGL API 3.3.0 Core Profile Context 23.19.21.13.250623 - Compatibility - Using Device: ATI Technologies Inc. - AMD Radeon (TM) Graphics

ERROR: Failed to read the root certificate store.
   at: get_system_ca_certificates (platform/windows/os_windows.cpp:2570)
ERROR: Condition "f.is_null()" is true.
   at: _save_to_cache (drivers/gles3/shader_gles3.cpp:645)
ERROR: Condition "f.is_null()" is true.
   at: _save_to_cache (drivers/gles3/shader_gles3.cpp:645)
MONSTER_CHECK PASS initial_black
MONSTER_CHECK PASS capture_before_black
MONSTER_CHECK PASS ammo_spend_1
MONSTER_CHECK PASS black_to_white_real_projectile
MONSTER_CHECK PASS white_contact_safe
MONSTER_CHECK PASS black_contact_danger
MONSTER_CHECK PASS white_sprite
MONSTER_CHECK PASS ammo_one_used
MONSTER_CHECK PASS capture_after_white
MONSTER_CHECK PASS monster_fire_1
MONSTER_CHECK PASS monster_projectile_color_1
MONSTER_CHECK PASS monster_projectile_exists_1
MONSTER_CHECK PASS ammo_spend_1
MONSTER_CHECK PASS same_color_refund
MONSTER_CHECK PASS ammo_spend_0
MONSTER_CHECK PASS white_to_black_real_projectile
MONSTER_CHECK PASS capture_after_black
MONSTER_CHECK PASS monster_fire_0
MONSTER_CHECK PASS monster_projectile_color_0
MONSTER_CHECK PASS monster_projectile_exists_0
MONSTER_CHECK PASS manual_recall
MONSTER_CHECK PASS recall_original_color
MONSTER_CHECK PASS recall_ammo_full
MONSTER_CHECK PASS ammo_spend_1
MONSTER_CHECK PASS device_projectile_passes_monster
MONSTER_CHECK PASS device_does_not_spend_ammo
MONSTER_CHECK PASS respawn_original_color
MONSTER_CHECK PASS respawn_ammo_full
MONSTER_RESULT checks=28 failures=0
