Godot Engine v4.6.3.stable.official.7d41c59c4 - https://godotengine.org
OpenGL API 3.3.0 Core Profile Context 23.19.21.13.250623 - Compatibility - Using Device: ATI Technologies Inc. - AMD Radeon (TM) Graphics

Unicode parsing error: Invalid unicode codepoint (c9c0), cannot represent as ASCII/Latin-1
Unicode parsing error: Invalid unicode codepoint (d615), cannot represent as ASCII/Latin-1
Unicode parsing error: Invalid unicode codepoint (cd9c), cannot represent as ASCII/Latin-1
Unicode parsing error: Invalid unicode codepoint (bc1c), cannot represent as ASCII/Latin-1
WARNING: Node '  /A_  /@ColorRect@19662' was modified from inside an instance, but it has vanished.
   at: instantiate (scene/resources/packed_scene.cpp:310)
   GDScript backtrace (most recent call first):
       [0] _run (res://tools/test_물_5단계.gd:23)
Unicode parsing error: Invalid unicode codepoint (c9c0), cannot represent as ASCII/Latin-1
Unicode parsing error: Invalid unicode codepoint (d615), cannot represent as ASCII/Latin-1
Unicode parsing error: Invalid unicode codepoint (c9d5), cannot represent as ASCII/Latin-1
Unicode parsing error: Invalid unicode codepoint (ac80), cannot represent as ASCII/Latin-1
WARNING: Node '  /A_  /@ColorRect@19663' was modified from inside an instance, but it has vanished.
   at: instantiate (scene/resources/packed_scene.cpp:310)
   GDScript backtrace (most recent call first):
       [0] _run (res://tools/test_물_5단계.gd:23)
Unicode parsing error: Invalid unicode codepoint (c9c0), cannot represent as ASCII/Latin-1
Unicode parsing error: Invalid unicode codepoint (d615), cannot represent as ASCII/Latin-1
Unicode parsing error: Invalid unicode codepoint (ac31), cannot represent as ASCII/Latin-1
Unicode parsing error: Invalid unicode codepoint (b3c4), cannot represent as ASCII/Latin-1
Unicode parsing error: Invalid unicode codepoint (c811), cannot represent as ASCII/Latin-1
Unicode parsing error: Invalid unicode codepoint (adfc), cannot represent as ASCII/Latin-1
WARNING: Node '  /A_    /@ColorRect@19664' was modified from inside an instance, but it has vanished.
   at: instantiate (scene/resources/packed_scene.cpp:310)
   GDScript backtrace (most recent call first):
       [0] _run (res://tools/test_물_5단계.gd:23)
Unicode parsing error: Invalid unicode codepoint (c9c0), cannot represent as ASCII/Latin-1
Unicode parsing error: Invalid unicode codepoint (d615), cannot represent as ASCII/Latin-1
Unicode parsing error: Invalid unicode codepoint (bb3c), cannot represent as ASCII/Latin-1
Unicode parsing error: Invalid unicode codepoint (bc1b), cannot represent as ASCII/Latin-1
Unicode parsing error: Invalid unicode codepoint (c774), cannot represent as ASCII/Latin-1
Unicode parsing error: Invalid unicode codepoint (bc14), cannot represent as ASCII/Latin-1
Unicode parsing error: Invalid unicode codepoint (b2e5), cannot represent as ASCII/Latin-1
WARNING: Node '  /A_     /@ColorRect@19665' was modified from inside an instance, but it has vanished.
   at: instantiate (scene/resources/packed_scene.cpp:310)
   GDScript backtrace (most recent call first):
       [0] _run (res://tools/test_물_5단계.gd:23)
Unicode parsing error: Invalid unicode codepoint (c9c0), cannot represent as ASCII/Latin-1
Unicode parsing error: Invalid unicode codepoint (d615), cannot represent as ASCII/Latin-1
Unicode parsing error: Invalid unicode codepoint (bc30), cannot represent as ASCII/Latin-1
Unicode parsing error: Invalid unicode codepoint (ad00), cannot represent as ASCII/Latin-1
Unicode parsing error: Invalid unicode codepoint (c2e4), cannot represent as ASCII/Latin-1
Unicode parsing error: Invalid unicode codepoint (c624), cannot represent as ASCII/Latin-1
Unicode parsing error: Invalid unicode codepoint (b978), cannot represent as ASCII/Latin-1
Unicode parsing error: Invalid unicode codepoint (cabd), cannot represent as ASCII/Latin-1
WARNING: Node '  /C_      /@ColorRect@19666' was modified from inside an instance, but it has vanished.
   at: instantiate (scene/resources/packed_scene.cpp:310)
   GDScript backtrace (most recent call first):
       [0] _run (res://tools/test_물_5단계.gd:23)
Unicode parsing error: Invalid unicode codepoint (c9c0), cannot represent as ASCII/Latin-1
Unicode parsing error: Invalid unicode codepoint (d615), cannot represent as ASCII/Latin-1
Unicode parsing error: Invalid unicode codepoint (bc30), cannot represent as ASCII/Latin-1
Unicode parsing error: Invalid unicode codepoint (ad00), cannot represent as ASCII/Latin-1
Unicode parsing error: Invalid unicode codepoint (c2e4), cannot represent as ASCII/Latin-1
Unicode parsing error: Invalid unicode codepoint (c67c), cannot represent as ASCII/Latin-1
Unicode parsing error: Invalid unicode codepoint (cabd), cannot represent as ASCII/Latin-1
WARNING: Node '  /C_     /@ColorRect@19667' was modified from inside an instance, but it has vanished.
   at: instantiate (scene/resources/packed_scene.cpp:310)
   GDScript backtrace (most recent call first):
       [0] _run (res://tools/test_물_5단계.gd:23)
Unicode parsing error: Invalid unicode codepoint (c9c0), cannot represent as ASCII/Latin-1
Unicode parsing error: Invalid unicode codepoint (d615), cannot represent as ASCII/Latin-1
Unicode parsing error: Invalid unicode codepoint (cc9c), cannot represent as ASCII/Latin-1
Unicode parsing error: Invalid unicode codepoint (c7a5), cannot represent as ASCII/Latin-1
WARNING: Node '  /C_  /@ColorRect@19668' was modified from inside an instance, but it has vanished.
   at: instantiate (scene/resources/packed_scene.cpp:310)
   GDScript backtrace (most recent call first):
       [0] _run (res://tools/test_물_5단계.gd:23)
Unicode parsing error: Invalid unicode codepoint (c9c0), cannot represent as ASCII/Latin-1
Unicode parsing error: Invalid unicode codepoint (d615), cannot represent as ASCII/Latin-1
Unicode parsing error: Invalid unicode codepoint (bc30), cannot represent as ASCII/Latin-1
Unicode parsing error: Invalid unicode codepoint (c218), cannot represent as ASCII/Latin-1
Unicode parsing error: Invalid unicode codepoint (b85c), cannot represent as ASCII/Latin-1
WARNING: Node '  /D_   /@ColorRect@19669' was modified from inside an instance, but it has vanished.
   at: instantiate (scene/resources/packed_scene.cpp:310)
   GDScript backtrace (most recent call first):
       [0] _run (res://tools/test_물_5단계.gd:23)
Unicode parsing error: Invalid unicode codepoint (c9c0), cannot represent as ASCII/Latin-1
Unicode parsing error: Invalid unicode codepoint (d615), cannot represent as ASCII/Latin-1
Unicode parsing error: Invalid unicode codepoint (c9c4), cannot represent as ASCII/Latin-1
Unicode parsing error: Invalid unicode codepoint (c785), cannot represent as ASCII/Latin-1
Unicode parsing error: Invalid unicode codepoint (c218), cannot represent as ASCII/Latin-1
Unicode parsing error: Invalid unicode codepoint (bb38), cannot represent as ASCII/Latin-1
WARNING: Node '  /E_    /@ColorRect@19670' was modified from inside an instance, but it has vanished.
   at: instantiate (scene/resources/packed_scene.cpp:310)
   GDScript backtrace (most recent call first):
       [0] _run (res://tools/test_물_5단계.gd:23)
Unicode parsing error: Invalid unicode codepoint (c9c0), cannot represent as ASCII/Latin-1
Unicode parsing error: Invalid unicode codepoint (d615), cannot represent as ASCII/Latin-1
Unicode parsing error: Invalid unicode codepoint (c218), cannot represent as ASCII/Latin-1
Unicode parsing error: Invalid unicode codepoint (bb38), cannot represent as ASCII/Latin-1
Unicode parsing error: Invalid unicode codepoint (c544), cannot represent as ASCII/Latin-1
Unicode parsing error: Invalid unicode codepoint (b798), cannot represent as ASCII/Latin-1
Unicode parsing error: Invalid unicode codepoint (bcbd), cannot represent as ASCII/Latin-1
WARNING: Node '  /E_     /@ColorRect@19671' was modified from inside an instance, but it has vanished.
   at: instantiate (scene/resources/packed_scene.cpp:310)
   GDScript backtrace (most recent call first):
       [0] _run (res://tools/test_물_5단계.gd:23)
Unicode parsing error: Invalid unicode codepoint (c9c0), cannot represent as ASCII/Latin-1
Unicode parsing error: Invalid unicode codepoint (d615), cannot represent as ASCII/Latin-1
Unicode parsing error: Invalid unicode codepoint (c218), cannot represent as ASCII/Latin-1
Unicode parsing error: Invalid unicode codepoint (bb38), cannot represent as ASCII/Latin-1
Unicode parsing error: Invalid unicode codepoint (c704), cannot represent as ASCII/Latin-1
Unicode parsing error: Invalid unicode codepoint (bcbd), cannot represent as ASCII/Latin-1
WARNING: Node '  /E_    /@ColorRect@19672' was modified from inside an instance, but it has vanished.
   at: instantiate (scene/resources/packed_scene.cpp:310)
   GDScript backtrace (most recent call first):
       [0] _run (res://tools/test_물_5단계.gd:23)
Unicode parsing error: Invalid unicode codepoint (c9c0), cannot represent as ASCII/Latin-1
Unicode parsing error: Invalid unicode codepoint (d615), cannot represent as ASCII/Latin-1
Unicode parsing error: Invalid unicode codepoint (ae30), cannot represent as ASCII/Latin-1
Unicode parsing error: Invalid unicode codepoint (acc4), cannot represent as ASCII/Latin-1
Unicode parsing error: Invalid unicode codepoint (c2e4), cannot represent as ASCII/Latin-1
WARNING: Node '  /E_   /@ColorRect@19673' was modified from inside an instance, but it has vanished.
   at: instantiate (scene/resources/packed_scene.cpp:310)
   GDScript backtrace (most recent call first):
       [0] _run (res://tools/test_물_5단계.gd:23)
Unicode parsing error: Invalid unicode codepoint (c9c0), cannot represent as ASCII/Latin-1
Unicode parsing error: Invalid unicode codepoint (d615), cannot represent as ASCII/Latin-1
Unicode parsing error: Invalid unicode codepoint (cc9c), cannot represent as ASCII/Latin-1
Unicode parsing error: Invalid unicode codepoint (c7a5), cannot represent as ASCII/Latin-1
WARNING: Node '  /E_  /@ColorRect@19674' was modified from inside an instance, but it has vanished.
   at: instantiate (scene/resources/packed_scene.cpp:310)
   GDScript backtrace (most recent call first):
       [0] _run (res://tools/test_물_5단계.gd:23)
Unicode parsing error: Invalid unicode codepoint (c9c0), cannot represent as ASCII/Latin-1
Unicode parsing error: Invalid unicode codepoint (d615), cannot represent as ASCII/Latin-1
Unicode parsing error: Invalid unicode codepoint (c5f0), cannot represent as ASCII/Latin-1
Unicode parsing error: Invalid unicode codepoint (acb0), cannot represent as ASCII/Latin-1
Unicode parsing error: Invalid unicode codepoint (bc1c), cannot represent as ASCII/Latin-1
Unicode parsing error: Invalid unicode codepoint (d310), cannot represent as ASCII/Latin-1
WARNING: Node '  /E_    /@ColorRect@19675' was modified from inside an instance, but it has vanished.
   at: instantiate (scene/resources/packed_scene.cpp:310)
   GDScript backtrace (most recent call first):
       [0] _run (res://tools/test_물_5단계.gd:23)
Unicode parsing error: Invalid unicode codepoint (c9c0), cannot represent as ASCII/Latin-1
Unicode parsing error: Invalid unicode codepoint (d615), cannot represent as ASCII/Latin-1
Unicode parsing error: Invalid unicode codepoint (bb3c), cannot represent as ASCII/Latin-1
Unicode parsing error: Invalid unicode codepoint (bc1b), cannot represent as ASCII/Latin-1
Unicode parsing error: Invalid unicode codepoint (c774), cannot represent as ASCII/Latin-1
Unicode parsing error: Invalid unicode codepoint (bc14), cannot represent as ASCII/Latin-1
Unicode parsing error: Invalid unicode codepoint (b2e5), cannot represent as ASCII/Latin-1
WARNING: Node '  /E_     /@ColorRect@19676' was modified from inside an instance, but it has vanished.
   at: instantiate (scene/resources/packed_scene.cpp:310)
   GDScript backtrace (most recent call first):
       [0] _run (res://tools/test_물_5단계.gd:23)
Unicode parsing error: Invalid unicode codepoint (c9c0), cannot represent as ASCII/Latin-1
Unicode parsing error: Invalid unicode codepoint (d615), cannot represent as ASCII/Latin-1
Unicode parsing error: Invalid unicode codepoint (c678), cannot represent as ASCII/Latin-1
Unicode parsing error: Invalid unicode codepoint (acfd), cannot represent as ASCII/Latin-1
Unicode parsing error: Invalid unicode codepoint (bcf5), cannot represent as ASCII/Latin-1
Unicode parsing error: Invalid unicode codepoint (adc0), cannot represent as ASCII/Latin-1
Unicode parsing error: Invalid unicode codepoint (bc1c), cannot represent as ASCII/Latin-1
Unicode parsing error: Invalid unicode codepoint (d310), cannot represent as ASCII/Latin-1
WARNING: Node '  /E_      /@ColorRect@19677' was modified from inside an instance, but it has vanished.
   at: instantiate (scene/resources/packed_scene.cpp:310)
   GDScript backtrace (most recent call first):
       [0] _run (res://tools/test_물_5단계.gd:23)
Unicode parsing error: Invalid unicode codepoint (c9c0), cannot represent as ASCII/Latin-1
Unicode parsing error: Invalid unicode codepoint (d615), cannot represent as ASCII/Latin-1
Unicode parsing error: Invalid unicode codepoint (c5ed), cannot represent as ASCII/Latin-1
Unicode parsing error: Invalid unicode codepoint (bc29), cannot represent as ASCII/Latin-1
Unicode parsing error: Invalid unicode codepoint (d5a5), cannot represent as ASCII/Latin-1
Unicode parsing error: Invalid unicode codepoint (d1b5), cannot represent as ASCII/Latin-1
Unicode parsing error: Invalid unicode codepoint (b85c), cannot represent as ASCII/Latin-1
WARNING: Node '  /F_     /@ColorRect@19678' was modified from inside an instance, but it has vanished.
   at: instantiate (scene/resources/packed_scene.cpp:310)
   GDScript backtrace (most recent call first):
       [0] _run (res://tools/test_물_5단계.gd:23)
Unicode parsing error: Invalid unicode codepoint (c9c0), cannot represent as ASCII/Latin-1
Unicode parsing error: Invalid unicode codepoint (d615), cannot represent as ASCII/Latin-1
Unicode parsing error: Invalid unicode codepoint (cd9c), cannot represent as ASCII/Latin-1
Unicode parsing error: Invalid unicode codepoint (bc1c), cannot represent as ASCII/Latin-1
WARNING: Node '  /G_  /@ColorRect@19679' was modified from inside an instance, but it has vanished.
   at: instantiate (scene/resources/packed_scene.cpp:310)
   GDScript backtrace (most recent call first):
       [0] _run (res://tools/test_물_5단계.gd:23)
Unicode parsing error: Invalid unicode codepoint (c9c0), cannot represent as ASCII/Latin-1
Unicode parsing error: Invalid unicode codepoint (d615), cannot represent as ASCII/Latin-1
Unicode parsing error: Invalid unicode codepoint (d770), cannot represent as ASCII/Latin-1
Unicode parsing error: Invalid unicode codepoint (bc1c), cannot represent as ASCII/Latin-1
Unicode parsing error: Invalid unicode codepoint (d310), cannot represent as ASCII/Latin-1
WARNING: Node '  /G_   /@ColorRect@19680' was modified from inside an instance, but it has vanished.
   at: instantiate (scene/resources/packed_scene.cpp:310)
   GDScript backtrace (most recent call first):
       [0] _run (res://tools/test_물_5단계.gd:23)
Unicode parsing error: Invalid unicode codepoint (c9c0), cannot represent as ASCII/Latin-1
Unicode parsing error: Invalid unicode codepoint (d615), cannot represent as ASCII/Latin-1
Unicode parsing error: Invalid unicode codepoint (ac80), cannot represent as ASCII/Latin-1
Unicode parsing error: Invalid unicode codepoint (c815), cannot represent as ASCII/Latin-1
Unicode parsing error: Invalid unicode codepoint (b192), cannot represent as ASCII/Latin-1
Unicode parsing error: Invalid unicode codepoint (c740), cannot represent as ASCII/Latin-1
Unicode parsing error: Invalid unicode codepoint (bc1c), cannot represent as ASCII/Latin-1
Unicode parsing error: Invalid unicode codepoint (d310), cannot represent as ASCII/Latin-1
WARNING: Node '  /G_      /@ColorRect@19681' was modified from inside an instance, but it has vanished.
   at: instantiate (scene/resources/packed_scene.cpp:310)
   GDScript backtrace (most recent call first):
       [0] _run (res://tools/test_물_5단계.gd:23)
Unicode parsing error: Invalid unicode codepoint (c9c0), cannot represent as ASCII/Latin-1
Unicode parsing error: Invalid unicode codepoint (d615), cannot represent as ASCII/Latin-1
Unicode parsing error: Invalid unicode codepoint (cd9c), cannot represent as ASCII/Latin-1
Unicode parsing error: Invalid unicode codepoint (ad6c), cannot represent as ASCII/Latin-1
Unicode parsing error: Invalid unicode codepoint (ae38), cannot represent as ASCII/Latin-1
WARNING: Node '  /G_   /@ColorRect@19682' was modified from inside an instance, but it has vanished.
   at: instantiate (scene/resources/packed_scene.cpp:310)
   GDScript backtrace (most recent call first):
       [0] _run (res://tools/test_물_5단계.gd:23)
Unicode parsing error: Invalid unicode codepoint (c9c0), cannot represent as ASCII/Latin-1
Unicode parsing error: Invalid unicode codepoint (d615), cannot represent as ASCII/Latin-1
Unicode parsing error: Invalid unicode codepoint (c218), cannot represent as ASCII/Latin-1
Unicode parsing error: Invalid unicode codepoint (c870), cannot represent as ASCII/Latin-1
Unicode parsing error: Invalid unicode codepoint (bc14), cannot represent as ASCII/Latin-1
Unicode parsing error: Invalid unicode codepoint (b2e5), cannot represent as ASCII/Latin-1
WARNING: Node '  /G_    /@ColorRect@19683' was modified from inside an instance, but it has vanished.
   at: instantiate (scene/resources/packed_scene.cpp:310)
   GDScript backtrace (most recent call first):
       [0] _run (res://tools/test_물_5단계.gd:23)
Unicode parsing error: Invalid unicode codepoint (c9c0), cannot represent as ASCII/Latin-1
Unicode parsing error: Invalid unicode codepoint (d615), cannot represent as ASCII/Latin-1
Unicode parsing error: Invalid unicode codepoint (cc9c), cannot represent as ASCII/Latin-1
Unicode parsing error: Invalid unicode codepoint (c7a5), cannot represent as ASCII/Latin-1
WARNING: Node '  /G_  /@ColorRect@19684' was modified from inside an instance, but it has vanished.
   at: instantiate (scene/resources/packed_scene.cpp:310)
   GDScript backtrace (most recent call first):
       [0] _run (res://tools/test_물_5단계.gd:23)
Unicode parsing error: Invalid unicode codepoint (c9c0), cannot represent as ASCII/Latin-1
Unicode parsing error: Invalid unicode codepoint (d615), cannot represent as ASCII/Latin-1
Unicode parsing error: Invalid unicode codepoint (c678), cannot represent as ASCII/Latin-1
Unicode parsing error: Invalid unicode codepoint (bcbd), cannot represent as ASCII/Latin-1
Unicode parsing error: Invalid unicode codepoint (c67c), cannot represent as ASCII/Latin-1
Unicode parsing error: Invalid unicode codepoint (cabd), cannot represent as ASCII/Latin-1
WARNING: Node '  /  _  /@ColorRect@19685' was modified from inside an instance, but it has vanished.
   at: instantiate (scene/resources/packed_scene.cpp:310)
   GDScript backtrace (most recent call first):
       [0] _run (res://tools/test_물_5단계.gd:23)
Unicode parsing error: Invalid unicode codepoint (c9c0), cannot represent as ASCII/Latin-1
Unicode parsing error: Invalid unicode codepoint (d615), cannot represent as ASCII/Latin-1
Unicode parsing error: Invalid unicode codepoint (c678), cannot represent as ASCII/Latin-1
Unicode parsing error: Invalid unicode codepoint (bcbd), cannot represent as ASCII/Latin-1
Unicode parsing error: Invalid unicode codepoint (c624), cannot represent as ASCII/Latin-1
Unicode parsing error: Invalid unicode codepoint (b978), cannot represent as ASCII/Latin-1
Unicode parsing error: Invalid unicode codepoint (cabd), cannot represent as ASCII/Latin-1
Unicode parsing error: Invalid unicode codepoint (c704), cannot represent as ASCII/Latin-1
WARNING: Node '  /  _    /@ColorRect@19686' was modified from inside an instance, but it has vanished.
   at: instantiate (scene/resources/packed_scene.cpp:310)
   GDScript backtrace (most recent call first):
       [0] _run (res://tools/test_물_5단계.gd:23)
Unicode parsing error: Invalid unicode codepoint (c9c0), cannot represent as ASCII/Latin-1
Unicode parsing error: Invalid unicode codepoint (d615), cannot represent as ASCII/Latin-1
Unicode parsing error: Invalid unicode codepoint (c678), cannot represent as ASCII/Latin-1
Unicode parsing error: Invalid unicode codepoint (bcbd), cannot represent as ASCII/Latin-1
Unicode parsing error: Invalid unicode codepoint (c624), cannot represent as ASCII/Latin-1
Unicode parsing error: Invalid unicode codepoint (b978), cannot represent as ASCII/Latin-1
Unicode parsing error: Invalid unicode codepoint (cabd), cannot represent as ASCII/Latin-1
Unicode parsing error: Invalid unicode codepoint (c544), cannot represent as ASCII/Latin-1
Unicode parsing error: Invalid unicode codepoint (b798), cannot represent as ASCII/Latin-1
WARNING: Node '  /  _     /@ColorRect@19687' was modified from inside an instance, but it has vanished.
   at: instantiate (scene/resources/packed_scene.cpp:310)
   GDScript backtrace (most recent call first):
       [0] _run (res://tools/test_물_5단계.gd:23)
Unicode parsing error: Invalid unicode codepoint (c9c0), cannot represent as ASCII/Latin-1
Unicode parsing error: Invalid unicode codepoint (d615), cannot represent as ASCII/Latin-1
Unicode parsing error: Invalid unicode codepoint (bc14), cannot represent as ASCII/Latin-1
Unicode parsing error: Invalid unicode codepoint (b2e5), cannot represent as ASCII/Latin-1
Unicode parsing error: Invalid unicode codepoint (c804), cannot represent as ASCII/Latin-1
Unicode parsing error: Invalid unicode codepoint (ccb4), cannot represent as ASCII/Latin-1
WARNING: Node '  /  _  /@ColorRect@19688' was modified from inside an instance, but it has vanished.
   at: instantiate (scene/resources/packed_scene.cpp:310)
   GDScript backtrace (most recent call first):
       [0] _run (res://tools/test_물_5단계.gd:23)
PASS pool depth stays 32
PASS water covers submerged legs
PASS entry ripple tone 0
PASS capture pool_0
PASS walking ripple tone 0
PASS entry ripple tone 1
PASS capture pool_1
PASS walking ripple tone 1
PASS entry ripple tone 2
PASS capture pool_2
PASS walking ripple tone 2
PASS capture pool_walk
PASS stationary ripples expire
PASS disabled pool clears effects
PASS reenabled pool reacts
PASS inlet/outlet tone 0
PASS nozzle width 64
PASS no outlet gap
PASS tone-aware splash
PASS capture hopper_0
PASS inlet/outlet tone 1
PASS nozzle width 64
PASS no outlet gap
PASS tone-aware splash
PASS capture hopper_1
PASS inlet/outlet tone 2
PASS nozzle width 64
PASS no outlet gap
PASS tone-aware splash
PASS capture hopper_2
WATER_STAGE5_FAILURES=0
