Godot Engine v4.6.3.stable.official.7d41c59c4 - https://godotengine.org

  OK  res://scripts/스마트월드/SS2D_붕괴발판.gd
SCRIPT ERROR: Parse Error: Identifier "_상태색" not declared in the current scope.
   at: GDScript::reload (res://scripts/스마트월드/stage_2_10_반환격자.gd:9)
   GDScript backtrace (most recent call first):
       [0] _init (res://tools/check_스마트월드.gd:17)
SCRIPT ERROR: Parse Error: Identifier "_상태색" not declared in the current scope.
   at: GDScript::reload (res://scripts/스마트월드/stage_2_10_반환격자.gd:18)
   GDScript backtrace (most recent call first):
       [0] _init (res://tools/check_스마트월드.gd:17)
SCRIPT ERROR: Parse Error: Identifier "_상태색" not declared in the current scope.
   at: GDScript::reload (res://scripts/스마트월드/stage_2_10_반환격자.gd:24)
   GDScript backtrace (most recent call first):
       [0] _init (res://tools/check_스마트월드.gd:17)
ERROR: Failed to load script "res://scripts/스마트월드/stage_2_10_반환격자.gd" with error "Parse error".
   at: load (modules/gdscript/gdscript.cpp:2907)
   GDScript backtrace (most recent call first):
       [0] _init (res://tools/check_스마트월드.gd:17)
  OK  res://scripts/스마트월드/stage_2_10_반환격자.gd
  OK  res://scripts/스마트월드/stage_2_5_월드.gd
  OK  res://scripts/스마트월드/게임설정.gd
  OK  res://scripts/스마트월드/낙하_감시.gd
  OK  res://scripts/스마트월드/노멀맵_표.gd
  OK  res://scripts/스마트월드/단방향지형.gd
  OK  res://scripts/스마트월드/덩굴.gd
  OK  res://scripts/스마트월드/도약대.gd
  OK  res://scripts/스마트월드/목재잠금.gd
  OK  res://scripts/스마트월드/무너지는바위.gd
  OK  res://scripts/스마트월드/물감_스플래시.gd
  OK  res://scripts/스마트월드/물저장고.gd
  OK  res://scripts/스마트월드/박스.gd
  OK  res://scripts/스마트월드/발광체.gd
  OK  res://scripts/스마트월드/배관.gd
  OK  res://scripts/스마트월드/배관_SS2D_끝마개.gd
  OK  res://scripts/스마트월드/벽돌배경_캐시.gd
  OK  res://scripts/스마트월드/부서지는지형.gd
  OK  res://scripts/스마트월드/빛기둥.gd
  OK  res://scripts/스마트월드/색경계.gd
  OK  res://scripts/스마트월드/색규칙.gd
  OK  res://scripts/스마트월드/색레이저.gd
  OK  res://scripts/스마트월드/송풍기.gd
  OK  res://scripts/스마트월드/식물_a.gd
  OK  res://scripts/스마트월드/식물_b.gd
  OK  res://scripts/스마트월드/식물_잎.gd
  OK  res://scripts/스마트월드/실내배경.gd
  OK  res://scripts/스마트월드/아트슬롯.gd
  OK  res://scripts/스마트월드/안개층.gd
  OK  res://scripts/스마트월드/압력버튼.gd
  OK  res://scripts/스마트월드/압력버튼_매립.gd
  OK  res://scripts/스마트월드/양동이.gd
  OK  res://scripts/스마트월드/연결통로.gd
  OK  res://scripts/스마트월드/움직이는_서랍.gd
  OK  res://scripts/스마트월드/움직이는발판.gd
  OK  res://scripts/스마트월드/웅덩이.gd
  OK  res://scripts/스마트월드/웅덩이_하수도29.gd
  OK  res://scripts/스마트월드/웅덩이_흰물v2.gd
  OK  res://scripts/스마트월드/월드.gd
  OK  res://scripts/스마트월드/유체.gd
  OK  res://scripts/스마트월드/유체_판정모양.gd
  OK  res://scripts/스마트월드/유체_흰물v2.gd
  OK  res://scripts/스마트월드/음향.gd
  OK  res://scripts/스마트월드/이층방_연결페인트.gd
  OK  res://scripts/스마트월드/일시정지_메뉴.gd
  OK  res://scripts/스마트월드/장면전환.gd
  OK  res://scripts/스마트월드/장식.gd
  OK  res://scripts/스마트월드/장식배치.gd
  OK  res://scripts/스마트월드/점프범위_표시.gd
  OK  res://scripts/스마트월드/제어레버.gd
  OK  res://scripts/스마트월드/조명표준.gd
  OK  res://scripts/스마트월드/지형.gd
  OK  res://scripts/스마트월드/지형_고정그림자.gd
  OK  res://scripts/스마트월드/지형규칙.gd
  OK  res://scripts/스마트월드/창문커튼.gd
  OK  res://scripts/스마트월드/챕터.gd
  OK  res://scripts/스마트월드/총.gd
  OK  res://scripts/스마트월드/총알.gd
  OK  res://scripts/스마트월드/카메라공간배치.gd
  OK  res://scripts/스마트월드/통과플랫폼.gd
  OK  res://scripts/스마트월드/투명블럭.gd
  OK  res://scripts/스마트월드/페인트_코어.gd
  OK  res://scripts/스마트월드/페인트분사기.gd
  OK  res://scripts/스마트월드/폭포_수문묶음.gd
  OK  res://scripts/스마트월드/하강수로_월드.gd
  OK  res://scripts/스마트월드/하수도_내부벽돌.gd
  OK  res://scripts/스마트월드/하수도_마감메시.gd
  OK  res://scripts/스마트월드/하수도_벽돌지형.gd
  OK  res://scripts/스마트월드/하수도_벽등.gd
  OK  res://scripts/스마트월드/하수도_실시간벽등.gd
  OK  res://scripts/스마트월드/하수도_자연발판.gd
  OK  res://scripts/스마트월드/하수도_화면효과_v2.gd
  OK  res://scripts/스마트월드/호퍼.gd
  OK  res://scripts/스마트월드/호퍼_입구수면.gd
  OK  res://scripts/스마트월드/호퍼_주철.gd
  OK  res://scripts/스마트월드/호퍼_주철_기존배치.gd
  OK  res://scripts/스마트월드/흰물_디자인.gd
  OK  res://shaders/HUD_구.gdshader
  OK  res://shaders/HUD_액체.gdshader
  OK  res://shaders/ink_spread.gdshader
  OK  res://shaders/ink_spread_mask.gdshader
  OK  res://shaders/ink_spread_world.gdshader
  OK  res://shaders/sewer_background_fog.gdshader
  OK  res://shaders/sewer_camera_v2.gdshader
  OK  res://shaders/sewer_lamp_glass.gdshader
  OK  res://shaders/sewer_lamp_realtime.gdshader
  OK  res://shaders/sewer_lamp_volume.gdshader
  OK  res://shaders/sewer_layer_join_v03.gdshader
  OK  res://shaders/sewer_layer_repeat_v02.gdshader
  OK  res://shaders/sewer_ledge_v03.gdshader
  OK  res://shaders/sewer_natural_platform.gdshader
  OK  res://shaders/sewer_pool_29.gdshader
  OK  res://shaders/sewer_pool_shallow.gdshader
  OK  res://shaders/sewer_wall_realtime.gdshader
  OK  res://shaders/sewer_wall_stage29_lit.gdshader
  OK  res://shaders/water_stream_reference.gdshader
  OK  res://shaders/water_stream_v3.gdshader
  OK  res://shaders/white_water_modular.gdshader
  OK  res://shaders/white_water_modular_v2.gdshader
  OK  res://shaders/물감_명중.gdshader
  OK  res://shaders/색분할.gdshader
  OK  res://shaders/지형_페인트.gdshader
  OK  res://shaders/하수도_벽돌_페인트.gdshader
[check] 104개 중 실패 0
